<html>
<body>
<pre>
<h1>礦ision Build Log</h1>
<h2>Tool Versions:</h2>
IDE-Version: μVision V5.28.0.0
Copyright (C) 2019 ARM Ltd and ARM Germany GmbH. All rights reserved.
License Information:  ,  , LIC=21E4T-RG5C7-CX2U6-DJTDM-3JTCU-QD64I
 
Tool Versions:
Toolchain:       MDK-ARM Plus  Version: 5.28.0.0
Toolchain Path:  E:\keil5\ARM\ARMCC\Bin
C Compiler:      Armcc.exe V5.06 update 6 (build 750)
Assembler:       Armasm.exe V5.06 update 6 (build 750)
Linker/Locator:  ArmLink.exe V5.06 update 6 (build 750)
Library Manager: ArmAr.exe V5.06 update 6 (build 750)
Hex Converter:   FromElf.exe V5.06 update 6 (build 750)
CPU DLL:         SARMCM3.DLL V5.28.0.0
Dialog DLL:      DCM.DLL V1.17.3.0
Target DLL:      Segger\JL2CM3.dll V2.99.36.0
Dialog DLL:      TCM.DLL V1.36.2.0
 
<h2>Project:</h2>
E:\粤嵌阶段项目\周家强_智能手环+LVGL12\智能手环\PROJECT\demo.uvprojx
Project File Date:  09/29/2024

<h2>Output:</h2>
*** Using Compiler 'V5.06 update 6 (build 750)', folder: 'E:\keil5\ARM\ARMCC\Bin'
Rebuild target 'demo'
assembling startup_stm32f40_41xxx.s...
compiling system_stm32f4xx.c...
compiling TemHum.c...
compiling detectionAngle.c...
compiling stm32f4xx_it.c...
compiling screenControls.c...
compiling main.c...
compiling Max301.c...
compiling sys.c...
compiling tim.c...
compiling dht11.c...
compiling led.c...
compiling usart.c...
compiling stm32f4xx_gpio.c...
compiling misc.c...
compiling beep.c...
compiling max30102.c...
compiling algorithm.c...
compiling MPU6050.c...
compiling delay.c...
compiling i2c_mpu.c...
compiling stm32f4xx_fsmc.c...
compiling i2c_max301.c...
compiling stm32f4xx_pwr.c...
compiling rtc.c...
compiling inv_mpu_dmp_motion_driver.c...
compiling stm32f4xx_rcc.c...
compiling inv_mpu.c...
compiling stm32f4xx_syscfg.c...
compiling stm32f4xx_rtc.c...
compiling sleepmode.c...
compiling key.c...
compiling stm32f4xx_usart.c...
compiling stm32f4xx_spi.c...
compiling stm32f4xx_dcmi.c...
compiling bluetoorhTask.c...
compiling croutine.c...
compiling event_groups.c...
compiling runmode.c...
compiling list.c...
compiling heap_4.c...
compiling stream_buffer.c...
compiling timers.c...
compiling queue.c...
compiling Bluetooth.c...
compiling step.c...
compiling stm32f4xx_tim.c...
compiling tasks.c...
compiling touch.c...
compiling lv_disp.c...
compiling lv_event.c...
compiling tft.c...
compiling stm32f4xx_dma.c...
compiling port.c...
compiling lv_group.c...
compiling stm32f4xx_exti.c...
compiling lv_indev.c...
compiling lv_indev_scroll.c...
compiling lv_obj_class.c...
compiling lv_obj.c...
compiling lv_obj_draw.c...
compiling lv_draw.c...
compiling lv_obj_tree.c...
compiling lv_obj_style_gen.c...
compiling lv_draw_arc.c...
compiling lv_obj_scroll.c...
compiling lv_obj_style.c...
compiling lv_refr.c...
compiling lv_obj_pos.c...
compiling lv_draw_img.c...
compiling lv_draw_line.c...
compiling lv_theme.c...
compiling lv_draw_label.c...
compiling lv_draw_mask.c...
compiling lv_draw_triangle.c...
compiling lv_draw_rect.c...
compiling lv_img_buf.c...
compiling lv_draw_sw_dither.c...
compiling lv_img_decoder.c...
compiling lv_img_cache.c...
compiling lv_draw_sw_gradient.c...
compiling lv_draw_sw.c...
compiling lv_draw_sw_polygon.c...
compiling lv_draw_sw_arc.c...
compiling lv_draw_sw_img.c...
compiling lv_draw_layer.c...
compiling lv_draw_sw_letter.c...
compiling lv_draw_sw_line.c...
compiling lv_draw_sw_layer.c...
compiling lv_draw_transform.c...
compiling lv_draw_sw_blend.c...
compiling lv_draw_sw_rect.c...
compiling lv_draw_sw_transform.c...
compiling lv_flex.c...
compiling lv_extra.c...
compiling lv_grid.c...
compiling lv_bmp.c...
compiling gifdec.c...
compiling tjpgd.c...
compiling qrcodegen.c...
compiling lv_freetype.c...
compiling lv_fs_posix.c...
compiling lv_gridnav.c...
compiling lv_snapshot.c...
compiling lv_fs_fatfs.c...
compiling lv_png.c...
compiling lv_fs_stdio.c...
compiling lodepng.c...
compiling lv_fs_win32.c...
compiling lv_sjpg.c...
compiling lv_qrcode.c...
compiling lv_rlottie.c...
compiling lv_ffmpeg.c...
compiling lv_gif.c...
compiling lv_calendar_header_arrow.c...
compiling lv_calendar_header_dropdown.c...
compiling lv_keyboard.c...
compiling lv_list.c...
compiling lv_menu.c...
compiling lv_theme_basic.c...
compiling lv_theme_mono.c...
compiling lv_tileview.c...
compiling lv_animimg.c...
compiling lv_calendar.c...
compiling lv_theme_default.c...
compiling lv_font.c...
compiling lv_imgbtn.c...
compiling lv_led.c...
compiling lv_msgbox.c...
compiling lv_spinner.c...
compiling lv_colorwheel.c...
compiling lv_spinbox.c...
compiling lv_tabview.c...
compiling lv_meter.c...
compiling lv_win.c...
compiling lv_span.c...
compiling lv_chart.c...
compiling lv_font_dejavu_16_persian_hebrew.c...
compiling lv_font_fmt_txt.c...
compiling lv_hal_tick.c...
compiling lv_anim.c...
compiling lv_font_montserrat_10.c...
compiling lv_anim_timeline.c...
compiling lv_font_montserrat_12.c...
compiling lv_font_loader.c...
compiling lv_font_montserrat_12_subpx.c...
compiling lv_font_montserrat_8.c...
compiling lv_font_montserrat_24.c...
compiling lv_font_montserrat_18.c...
compiling lv_font_montserrat_20.c...
compiling lv_font_montserrat_14.c...
compiling lv_font_montserrat_16.c...
compiling lv_font_montserrat_28.c...
compiling lv_font_montserrat_22.c...
compiling lv_async.c...
compiling lv_area.c...
compiling lv_font_montserrat_26.c...
compiling lv_font_montserrat_28_compressed.c...
compiling lv_hal_indev.c...
compiling lv_bidi.c...
compiling lv_font_montserrat_30.c...
compiling lv_hal_disp.c...
compiling lv_font_montserrat_34.c...
compiling lv_font_montserrat_32.c...
compiling lv_font_montserrat_36.c...
compiling lv_font_montserrat_42.c...
compiling lv_font_montserrat_38.c...
compiling lv_color.c...
compiling lv_font_montserrat_48.c...
compiling lv_font_montserrat_46.c...
compiling lv_font_montserrat_40.c...
compiling lv_font_unscii_8.c...
compiling lv_fs.c...
compiling lv_font_montserrat_44.c...
compiling lv_font_unscii_16.c...
compiling lv_font_simsun_16_cjk.c...
compiling lv_log.c...
compiling lv_ll.c...
compiling lv_gc.c...
compiling lv_lru.c...
compiling lv_math.c...
compiling lv_mem.c...
compiling lv_printf.c...
compiling lv_templ.c...
compiling lv_style.c...
compiling lv_style_gen.c...
compiling lv_timer.c...
compiling lv_utils.c...
compiling lv_tlsf.c...
compiling lv_txt_ap.c...
compiling lv_txt.c...
compiling lv_arc.c...
compiling lv_btn.c...
compiling lv_checkbox.c...
compiling lv_objx_templ.c...
compiling lv_bar.c...
compiling lv_canvas.c...
compiling lv_img.c...
compiling lv_btnmatrix.c...
compiling lv_dropdown.c...
compiling lv_port_fs.c...
compiling lv_line.c...
compiling lv_label.c...
compiling lv_slider.c...
compiling lv_roller.c...
compiling lv_switch.c...
compiling lv_table.c...
compiling lv_textarea.c...
compiling ui.c...
compiling ui_helpers.c...
compiling ui_comp_hook.c...
compiling ui_img_bluetooth_png.c...
compiling ui_img_calorie_png.c...
compiling ui_ScreenStart.c...
compiling pic_logo.c...
compiling ui_img_step_png.c...
compiling lv_port_disp.c...
compiling ui_img_timer_png.c...
compiling ui_img_temperature_png.c...
compiling ui_img_drop_png.c...
compiling ui_img_heart_png.c...
compiling ui_img_tired_png.c...
compiling ui_LightScreen.c...
compiling ui_heartScreen.c...
compiling ui_MainScreen.c...
compiling ui_StepScreen.c...
compiling lv_port_indev.c...
compiling ui_img_oxysatura_png.c...
compiling ui_img_1576808831.c...
compiling ui_Screen1.c...
compiling ui_img_shoudian_png.c...
compiling ui_img_mriai_png.c...
compiling ui_img_wave1_png.c...
compiling ui_img_wave2_png.c...
compiling ui_img_sleep.c...
compiling ui_events.c...
compiling ui_SleepScreen.c...
linking...
Program Size: Code=250136 RO-data=235884 RW-data=1176 ZI-data=152872  
"..\OBJ\project.axf" - 0 Error(s), 0 Warning(s).

<h2>Software Packages used:</h2>

Package Vendor: Keil
                http://www.keil.com/pack/Keil.STM32F4xx_DFP.2.14.0.pack
                Keil.STM32F4xx_DFP.2.14.0
                STMicroelectronics STM32F4 Series Device Support, Drivers and Examples

<h2>Collection of Component include folders:</h2>
  .\RTE\_demo
  E:\keil5\ARM\PACK\Keil\STM32F4xx_DFP\2.14.0\Drivers\CMSIS\Device\ST\STM32F4xx\Include

<h2>Collection of Component Files used:</h2>
Build Time Elapsed:  00:00:10
</pre>
</body>
</html>
